--------=_1036160812-16487-96 3 0 20020815
--------=_1036180482-12472-42 3 0 20020815
years 5 0 20020801
yinfobanner.jpg 2 0 20020801
york 12 0 20021215
you 92 0 20020801
you'd 2 0 20020801
you'll 8 0 20020801
you're 3 0 20020801
your 152 0 20021004
your-34 34 0 20021004
your-info.net 10 0 20021215
yours 3 0 20020801
yours-340 340 0 20020820
yourself 12 0 20020801
yx5 1 0 20020801
ziff 1 0 20020801
znex 2 0 20020801
zyban 3 0 20020801
zypb9g 9 0 20020801
zzzzzz 2 0 20020801
–jim 4 0 20020815
–lydia 4 0 20020815
     sardonen 1 0 20021010
¢º¢¹speed~¢Ü¢Ý¢·¢Â¸ 2 0 20021020
¢¾¢¾ 2 0 20021210
¢¾±¤ 2 0 20021210
