******  IhT  ******
head:From
head:bounce
to:junk
head:Content-Type
head:text
head:html
DONE
Done
done
comment
two
words
www.com
wordlist
wordlist
href
url.example.com
href
file.img
picture.gif
verdana
arial
color
red
