Account
City
Clancy
Clancy's
Click
DVDs
Free
Giuliani
Inc
Jack
JunkFlix
Leadership
Netflix
New
Please
Program
Rabbit
Red
Rent
Rudolph
Ryan
Standard
Subject
The
Tom
Trial!
York
Your
all
and
any
anytime
back
behind
biggest
button
cancelable
cancellation
change
character
city's
complete
conditions
controversial
credits
crisis
for
free
guided
his
history
including
instructions
learned
length
lessons
mayor
month-to-month
monthly
most
office
partial
period
periods
popular
reflects
refunds
reserves
right
story
subj:Free
subj:Handling
subj:King's
subj:Shipping
subj:Stephen
subj:latest
subj:thriller!
subscription
terms
the
there
through
time
trial
visit
want
who
with
www.netflix.com
you
