u 0.500039
u 0.500096
u 0.500086
u 0.507130
S 1.74e-02
u 0.638178
S 1.81e-11
S 0.00e+00
