./inputs/msg.1.txt u 0.500039
./inputs/msg.2.txt u 0.500096
./inputs/msg.3.txt u 0.500086
./inputs/msg.4.txt u 0.507130
./inputs/msg.5.txt S 1.74e-02
./inputs/msg.6.txt u 0.638178
./inputs/msg.7.txt S 1.81e-11
./inputs/msg.8.txt S 0.00e+00
