?????sardonen 1 0 20021010
????speed~????????? 2 0 20021020
your-34 34 0 20021004
your-info.net 10 0 20021215
yours-340 340 0 20020820
