york 12 0 20021215
your 152 0 20021004
your-34 34 0 20021004
your-info.net 10 0 20021215
yours-340 340 0 20020820
     sardonen 1 0 20021010
¢º¢¹speed~¢Ü¢Ý¢·¢Â¸ 2 0 20021020
¢¾¢¾ 2 0 20021210
¢¾±¤ 2 0 20021210
