????speed~????????? 2 0 20021020
your-info.net 10 0 20021215
