msg.split.bg.0117.text   0.491493
msg.split.dr.0118.base64 0.500000
msg.split.gs.0119.text   0.888161
